============================= test session starts =============================
platform win32 -- Python 3.10.11, pytest-9.0.3, pluggy-1.6.0 -- C:\Users\z\AppData\Local\Microsoft\WindowsApps\PythonSoftwareFoundation.Python.3.10_qbz5n2kfra8p0\python.exe
cachedir: .pytest_cache
rootdir: D:\AI\codeSpace\text2sql-0412
configfile: pyproject.toml
plugins: anyio-4.12.0, langsmith-0.4.53, cov-7.1.0
collecting ... collected 247 items

tests/api/test_api.py::TestRootEndpoint::test_root PASSED                [  0%]
tests/api/test_api.py::TestHealthEndpoint::test_health PASSED            [  0%]
tests/api/test_api.py::TestSchemasEndpoint::test_schemas PASSED          [  1%]
tests/api/test_api.py::TestSchemaModels::test_openapi_examples_render PASSED [  1%]
tests/api/test_api.py::TestAskEndpoint::test_ask_post PASSED             [  2%]
tests/api/test_api.py::TestAskEndpoint::test_ask_get PASSED              [  2%]
tests/api/test_api.py::TestAskEndpoint::test_ask_with_invalid_question PASSED [  2%]
tests/api/test_api.py::TestErrorResponse::test_404 PASSED                [  3%]
tests/integration/test_db_switch.py::TestDatabaseConfig::test_sqlite_config_from_url PASSED [  3%]
tests/integration/test_db_switch.py::TestDatabaseConfig::test_mysql_config_from_url PASSED [  4%]
tests/integration/test_db_switch.py::TestDatabaseConfig::test_postgresql_config_from_url PASSED [  4%]
tests/integration/test_db_switch.py::TestDatabaseConfig::test_invalid_url PASSED [  4%]
tests/integration/test_db_switch.py::TestSQLiteConnector::test_create_connector PASSED [  5%]
tests/integration/test_db_switch.py::TestSQLiteConnector::test_execute_query PASSED [  5%]
tests/integration/test_db_switch.py::TestSQLiteConnector::test_get_table_names PASSED [  6%]
tests/integration/test_db_switch.py::TestSQLiteConnector::test_test_connection PASSED [  6%]
tests/integration/test_db_switch.py::TestMySQLConnector::test_create_connector PASSED [  6%]
tests/integration/test_db_switch.py::TestMySQLConnector::test_real_mysql_connection SKIPPED [  7%]
tests/integration/test_db_switch.py::TestMySQLConnector::test_mysql_schema_info PASSED [  7%]
tests/integration/test_db_switch.py::TestPostgreSQLConnector::test_create_connector PASSED [  8%]
tests/integration/test_db_switch.py::TestPostgreSQLConnector::test_real_postgres_connection SKIPPED [  8%]
tests/integration/test_db_switch.py::TestDatabaseManager::test_singleton PASSED [  8%]
tests/integration/test_db_switch.py::TestDatabaseManager::test_register_connector PASSED [  9%]
tests/integration/test_db_switch.py::TestDatabaseManager::test_create_connector PASSED [  9%]
tests/integration/test_db_switch.py::TestDatabaseManager::test_execute_query PASSED [ 10%]
tests/integration/test_db_switch.py::TestDatabaseManager::test_close_all PASSED [ 10%]
tests/integration/test_db_switch.py::TestDatabaseSwitch::test_switch_between_databases PASSED [ 10%]
tests/integration/test_db_switch.py::TestDatabaseSwitch::test_same_connector_reuse PASSED [ 11%]
tests/integration/test_db_switch.py::TestQueryResult::test_success_result PASSED [ 11%]
tests/integration/test_db_switch.py::TestQueryResult::test_error_result PASSED [ 12%]
tests/integration/test_db_switch.py::TestHealthStatus::test_healthy_status PASSED [ 12%]
tests/integration/test_db_switch.py::TestHealthStatus::test_unhealthy_status PASSED [ 12%]
tests/unit/test_api_key.py::TestAPIKeyConfig::test_create_config PASSED  [ 13%]
tests/unit/test_api_key.py::TestValidateAPIKey::test_validate_with_valid_key PASSED [ 13%]
tests/unit/test_api_key.py::TestValidateAPIKey::test_validate_with_invalid_key PASSED [ 14%]
tests/unit/test_api_key.py::TestValidateAPIKey::test_validate_with_empty_key PASSED [ 14%]
tests/unit/test_api_key.py::TestValidateAPIKey::test_validate_when_disabled PASSED [ 14%]
tests/unit/test_api_key.py::TestGenerateAPIKey::test_generate_key PASSED [ 15%]
tests/unit/test_api_key.py::TestGenerateAPIKey::test_generate_unique_keys PASSED [ 15%]
tests/unit/test_api_key.py::TestPublicEndpoints::test_is_public_endpoint PASSED [ 16%]
tests/unit/test_api_key.py::TestPublicEndpoints::test_is_not_public_endpoint PASSED [ 16%]
tests/unit/test_api_key.py::TestPublicEndpoints::test_public_endpoints_set PASSED [ 17%]
tests/unit/test_chart_recommender.py::TestChartType::test_chart_types_exist PASSED [ 17%]
tests/unit/test_chart_recommender.py::TestChartRecommendation::test_to_dict PASSED [ 17%]
tests/unit/test_chart_recommender.py::TestBarChartRecommendation::test_categorical_and_numeric PASSED [ 18%]
tests/unit/test_chart_recommender.py::TestBarChartRecommendation::test_boolean_and_numeric PASSED [ 18%]
tests/unit/test_chart_recommender.py::TestBarChartRecommendation::test_low_cardinality_numeric PASSED [ 19%]
tests/unit/test_chart_recommender.py::TestLineChartRecommendation::test_datetime_and_numeric PASSED [ 19%]
tests/unit/test_chart_recommender.py::TestLineChartRecommendation::test_multiple_numeric_with_date PASSED [ 19%]
tests/unit/test_chart_recommender.py::TestPieChartRecommendation::test_single_categorical PASSED [ 20%]
tests/unit/test_chart_recommender.py::TestPieChartRecommendation::test_too_many_categories PASSED [ 20%]
tests/unit/test_chart_recommender.py::TestScatterChartRecommendation::test_two_numeric PASSED [ 21%]
tests/unit/test_chart_recommender.py::TestScatterChartRecommendation::test_scatter_with_color PASSED [ 21%]
tests/unit/test_chart_recommender.py::TestTableRecommendation::test_no_suitable_columns PASSED [ 21%]
tests/unit/test_chart_recommender.py::TestTableRecommendation::test_empty_dataframe PASSED [ 22%]
tests/unit/test_chart_recommender.py::TestAlternatives::test_has_alternatives PASSED [ 22%]
tests/unit/test_chart_recommender.py::TestAlternatives::test_alternatives_exclude_primary PASSED [ 23%]
tests/unit/test_chart_recommender.py::TestConvenienceFunctions::test_recommend_chart_function PASSED [ 23%]
tests/unit/test_chart_recommender.py::TestConvenienceFunctions::test_get_chart_type_function PASSED [ 23%]
tests/unit/test_chart_recommender.py::TestEdgeCases::test_single_row PASSED [ 24%]
tests/unit/test_chart_recommender.py::TestEdgeCases::test_single_column PASSED [ 24%]
tests/unit/test_chart_recommender.py::TestEdgeCases::test_all_nulls PASSED [ 25%]
tests/unit/test_chart_recommender.py::TestEdgeCases::test_with_question_hint PASSED [ 25%]
tests/unit/test_chart_recommender.py::TestConfidence::test_high_confidence_time_series PASSED [ 25%]
tests/unit/test_chart_recommender.py::TestConfidence::test_lower_confidence_for_table PASSED [ 26%]
tests/unit/test_chart_renderer.py::TestPlotlyRenderer::test_render_bar PASSED [ 26%]
tests/unit/test_chart_renderer.py::TestPlotlyRenderer::test_render_pie PASSED [ 27%]
tests/unit/test_chart_renderer.py::TestPlotlyRenderer::test_render_table_returns_none PASSED [ 27%]
tests/unit/test_chart_renderer.py::TestRenderChart::test_render_chart_function PASSED [ 27%]
tests/unit/test_chart_renderer_branches.py::test_bar_without_y_uses_counts PASSED [ 28%]
tests/unit/test_chart_renderer_branches.py::test_bar_multiple_y_columns_grouped PASSED [ 28%]
tests/unit/test_chart_renderer_branches.py::test_bar_missing_x_returns_empty_figure PASSED [ 29%]
tests/unit/test_chart_renderer_branches.py::test_line_missing_y_returns_empty_figure PASSED [ 29%]
tests/unit/test_chart_renderer_branches.py::test_scatter_missing_axis_returns_empty_figure PASSED [ 29%]
tests/unit/test_chart_renderer_branches.py::test_render_invalid_chart_type_returns_none PASSED [ 30%]
tests/unit/test_chart_renderer_branches.py::test_render_simple_helpers PASSED [ 30%]
tests/unit/test_chart_renderer_more.py::TestPlotlyRendererMore::test_render_bar_chart PASSED [ 31%]
tests/unit/test_chart_renderer_more.py::TestPlotlyRendererMore::test_render_line_chart PASSED [ 31%]
tests/unit/test_chart_renderer_more.py::TestPlotlyRendererMore::test_render_scatter_chart PASSED [ 31%]
tests/unit/test_chart_renderer_more.py::TestPlotlyRendererMore::test_render_pie_chart PASSED [ 32%]
tests/unit/test_chart_renderer_more.py::TestPlotlyRendererMore::test_render_with_none_recommendation PASSED [ 32%]
tests/unit/test_chart_renderer_more.py::TestRenderChartFunction::test_render_chart_with_dataframe PASSED [ 33%]
tests/unit/test_database_simple.py::test_detect_db_type_variants PASSED  [ 33%]
tests/unit/test_database_simple.py::test_sqlite_connector_create_engine_readonly_and_schema PASSED [ 34%]
tests/unit/test_database_simple.py::test_execute_query_and_test_connection_use_engine_head_limit PASSED [ 34%]
tests/unit/test_database_simple.py::test_test_connection_failure_returns_false PASSED [ 34%]
tests/unit/test_database_simple.py::test_mysql_and_postgresql_schema_info PASSED [ 35%]
tests/unit/test_database_simple.py::test_create_database_connector_from_settings_and_explicit_config PASSED [ 35%]
tests/unit/test_errors.py::TestErrorCode::test_error_codes_exist PASSED  [ 36%]
tests/unit/test_errors.py::TestAppError::test_create_error PASSED        [ 36%]
tests/unit/test_errors.py::TestAppError::test_error_str PASSED           [ 36%]
tests/unit/test_errors.py::TestValidationError::test_validation_error PASSED [ 37%]
tests/unit/test_errors.py::TestInvalidQuestionError::test_invalid_question_error PASSED [ 37%]
tests/unit/test_errors.py::TestLLMError::test_llm_error PASSED           [ 38%]
tests/unit/test_errors.py::TestDatabaseError::test_database_error PASSED [ 38%]
tests/unit/test_executor.py::test_execute_with_validation FAILED         [ 38%]
tests/unit/test_executor.py::test_execute_without_validation FAILED      [ 39%]
tests/unit/test_executor.py::test_execute_raises_on_db_error PASSED      [ 39%]
tests/unit/test_executor.py::test_test_connection_and_schema_info FAILED [ 40%]
tests/unit/test_exporter.py::test_export_excel_returns_bytes PASSED      [ 40%]
tests/unit/test_exporter.py::test_export_manager_filenames PASSED        [ 40%]
tests/unit/test_exporter.py::test_export_excel_with_long_columns PASSED  [ 41%]
tests/unit/test_exporter.py::test_export_pdf_returns_bytes_with_context FAILED [ 41%]
tests/unit/test_exporter.py::test_export_pdf_truncates_large_dataframe FAILED [ 42%]
tests/unit/test_extended_template_sql.py::test_region_sales_template PASSED [ 42%]
tests/unit/test_extended_template_sql.py::test_city_ranking_template PASSED [ 42%]
tests/unit/test_extended_template_sql.py::test_category_count_template PASSED [ 43%]
tests/unit/test_fast_fallback_strategy.py::test_simple_question_uses_rule_path PASSED [ 43%]
tests/unit/test_fast_fallback_strategy.py::test_list_products_uses_rule_path PASSED [ 44%]
tests/unit/test_fast_fallback_strategy.py::test_complex_question_can_still_try_llm PASSED [ 44%]
tests/unit/test_llm_client.py::test_generate_sql_success PASSED          [ 44%]
tests/unit/test_llm_client.py::test_generate_sql_fallback PASSED         [ 45%]
tests/unit/test_llm_client.py::test_check_llm_connectivity PASSED        [ 45%]
tests/unit/test_local_context_builder.py::test_build_local_context_contains_category_and_entities PASSED [ 46%]
tests/unit/test_local_context_builder.py::test_build_local_context_contains_time_and_product_aliases PASSED [ 46%]
tests/unit/test_local_semantics.py::test_extract_time_condition_last_month PASSED [ 46%]
tests/unit/test_local_semantics.py::test_extract_metric_alias_sales PASSED [ 47%]
tests/unit/test_local_semantics.py::test_extract_metric_alias_order_count PASSED [ 47%]
tests/unit/test_metrics.py::TestMetricsCollector::test_singleton PASSED  [ 48%]
tests/unit/test_metrics.py::TestMetricsCollector::test_get_metrics_collector PASSED [ 48%]
tests/unit/test_metrics.py::TestMetricsCollector::test_start_request PASSED [ 48%]
tests/unit/test_metrics.py::TestMetricsCollector::test_end_request_success PASSED [ 49%]
tests/unit/test_metrics.py::TestMetricsCollector::test_end_request_error PASSED [ 49%]
tests/unit/test_metrics.py::TestMetricsCollector::test_record_stage PASSED [ 50%]
tests/unit/test_metrics.py::TestMetricsCollector::test_get_metrics PASSED [ 50%]
tests/unit/test_metrics.py::TestMetricsCollector::test_reset PASSED      [ 51%]
tests/unit/test_metrics.py::TestConvenienceFunctions::test_start_request_function PASSED [ 51%]
tests/unit/test_metrics.py::TestConvenienceFunctions::test_end_request_function PASSED [ 51%]
tests/unit/test_metrics.py::TestConvenienceFunctions::test_record_stage_function PASSED [ 52%]
tests/unit/test_metrics.py::TestConvenienceFunctions::test_get_metrics_function PASSED [ 52%]
tests/unit/test_permission.py::TestPermissionLevel::test_permission_levels_exist PASSED [ 53%]
tests/unit/test_permission.py::TestTablePermission::test_create_table_permission PASSED [ 53%]
tests/unit/test_permission.py::TestTablePermission::test_is_column_allowed PASSED [ 53%]
tests/unit/test_permission.py::TestTablePermission::test_get_allowed_columns PASSED [ 54%]
tests/unit/test_permission.py::TestUserContext::test_create_user_context PASSED [ 54%]
tests/unit/test_permission.py::TestUserContext::test_has_role PASSED     [ 55%]
tests/unit/test_permission.py::TestPermissionManager::test_create_manager PASSED [ 55%]
tests/unit/test_permission.py::TestPermissionManager::test_default_sensitive_columns PASSED [ 55%]
tests/unit/test_permission.py::TestPermissionManager::test_check_table_access PASSED [ 56%]
tests/unit/test_permission.py::TestPermissionManager::test_register_permission_and_get_allowed_columns PASSED [ 56%]
tests/unit/test_permission.py::TestPermissionManager::test_admin_can_see_sensitive_columns PASSED [ 57%]
tests/unit/test_permission.py::TestPermissionManager::test_row_filter_and_max_rows PASSED [ 57%]
tests/unit/test_permission.py::TestPermissionManager::test_validate_sql_tables_and_extract PASSED [ 57%]
tests/unit/test_permission.py::TestPermissionManager::test_role_based_table_access PASSED [ 58%]
tests/unit/test_permission.py::TestPermissionManager::test_permission_level_ordering PASSED [ 58%]
tests/unit/test_permission.py::TestPermissionFunctions::test_get_permission_manager PASSED [ 59%]
tests/unit/test_permission.py::TestPermissionFunctions::test_check_table_access_function PASSED [ 59%]
tests/unit/test_permission.py::TestPermissionFunctions::test_filter_sensitive_columns PASSED [ 59%]
tests/unit/test_question_classifier.py::test_classify_simple_lookup PASSED [ 60%]
tests/unit/test_question_classifier.py::test_classify_ranked_aggregation PASSED [ 60%]
tests/unit/test_question_classifier.py::test_classify_complex_analysis PASSED [ 61%]
tests/unit/test_rule_precision.py::test_city_order_count_rule_precision PASSED [ 61%]
tests/unit/test_rule_precision.py::test_list_all_products_rule_precision PASSED [ 61%]
tests/unit/test_rule_precision.py::test_top5_sales_rule_precision PASSED [ 62%]
tests/unit/test_schema_loader.py::test_load_schema_text_reads_file PASSED [ 62%]
tests/unit/test_schema_loader.py::test_load_schema_documents_returns_empty_when_collection_missing PASSED [ 63%]
tests/unit/test_schema_loader.py::test_load_schema_documents_returns_documents PASSED [ 63%]
tests/unit/test_schema_loader.py::test_retrieve_schema_context_prefers_query_result FAILED [ 63%]
tests/unit/test_schema_loader.py::test_retrieve_schema_context_falls_back_to_keyword_tables FAILED [ 64%]
tests/unit/test_schema_loader.py::test_retrieve_schema_context_falls_back_to_ddl FAILED [ 64%]
tests/unit/test_settings.py::TestSettings::test_get_settings PASSED      [ 65%]
tests/unit/test_settings.py::TestSettings::test_settings_has_db_url PASSED [ 65%]
tests/unit/test_settings.py::TestSettings::test_settings_llm_provider PASSED [ 65%]
tests/unit/test_sql_guard.py::TestSQLValidator::test_validate_select PASSED [ 66%]
tests/unit/test_sql_guard.py::TestSQLValidator::test_validate_insert_blocked PASSED [ 66%]
tests/unit/test_sql_guard.py::TestSQLValidator::test_validate_update_blocked PASSED [ 67%]
tests/unit/test_sql_guard.py::TestSQLValidator::test_validate_delete_blocked PASSED [ 67%]
tests/unit/test_sql_guard.py::TestSQLValidator::test_validate_drop_blocked PASSED [ 68%]
tests/unit/test_sql_guard.py::TestValidateReadonlySQL::test_validate_readonly_sql_valid PASSED [ 68%]
tests/unit/test_sql_guard.py::TestValidateReadonlySQL::test_validate_readonly_sql_invalid PASSED [ 68%]
tests/unit/test_sql_sanitizer.py::TestSQLSanitizer::test_simple_select PASSED [ 69%]
tests/unit/test_sql_sanitizer.py::TestSQLSanitizer::test_select_with_limit PASSED [ 69%]
tests/unit/test_sql_sanitizer.py::TestSQLSanitizer::test_select_with_join PASSED [ 70%]
tests/unit/test_sql_sanitizer.py::TestSQLSanitizer::test_dangerous_keywords[INSERT INTO orders VALUES (1, 2, 3)] PASSED [ 70%]
tests/unit/test_sql_sanitizer.py::TestSQLSanitizer::test_dangerous_keywords[UPDATE orders SET status = 'closed'] PASSED [ 70%]
tests/unit/test_sql_sanitizer.py::TestSQLSanitizer::test_dangerous_keywords[DELETE FROM orders WHERE order_id = 1] PASSED [ 71%]
tests/unit/test_sql_sanitizer.py::TestSQLSanitizer::test_dangerous_keywords[DROP TABLE orders] PASSED [ 71%]
tests/unit/test_sql_sanitizer.py::TestSQLSanitizer::test_dangerous_keywords[ALTER TABLE orders ADD COLUMN test VARCHAR(50)] PASSED [ 72%]
tests/unit/test_sql_sanitizer.py::TestSQLSanitizer::test_dangerous_keywords[CREATE TABLE test (id INT)] PASSED [ 72%]
tests/unit/test_sql_sanitizer.py::TestSQLSanitizer::test_dangerous_keywords[TRUNCATE TABLE orders] PASSED [ 72%]
tests/unit/test_sql_sanitizer.py::TestSQLSanitizer::test_multiple_statements PASSED [ 73%]
tests/unit/test_sql_sanitizer.py::TestSQLSanitizer::test_union_injection PASSED [ 73%]
tests/unit/test_sql_sanitizer.py::TestSQLSanitizer::test_comment_injection PASSED [ 74%]
tests/unit/test_sql_sanitizer.py::TestSQLSanitizer::test_time_based_injection PASSED [ 74%]
tests/unit/test_sql_sanitizer.py::TestSQLSanitizer::test_boolean_based_injection PASSED [ 74%]
tests/unit/test_sql_sanitizer.py::TestSQLSanitizer::test_table_whitelist PASSED [ 75%]
tests/unit/test_sql_sanitizer.py::TestSQLSanitizer::test_allowed_table PASSED [ 75%]
tests/unit/test_sql_sanitizer.py::TestSQLSanitizer::test_add_default_limit PASSED [ 76%]
tests/unit/test_sql_sanitizer.py::TestSQLSanitizer::test_enforce_max_limit PASSED [ 76%]
tests/unit/test_sql_sanitizer.py::TestSQLSanitizer::test_sensitive_column_detection PASSED [ 76%]
tests/unit/test_sql_sanitizer.py::TestSQLSanitizer::test_sanitize_sql_function PASSED [ 77%]
tests/unit/test_sql_sanitizer.py::TestSQLSanitizer::test_is_safe_sql_function PASSED [ 77%]
tests/unit/test_sql_sanitizer.py::TestSQLSanitizerConfigurations::test_readonly_mode_disabled PASSED [ 78%]
tests/unit/test_sql_sanitizer.py::TestSQLSanitizerConfigurations::test_strict_mode_disabled PASSED [ 78%]
tests/unit/test_sql_sanitizer.py::TestSQLSanitizerConfigurations::test_custom_allowed_tables PASSED [ 78%]
tests/unit/test_sql_sanitizer.py::TestEdgeCases::test_empty_sql PASSED   [ 79%]
tests/unit/test_sql_sanitizer.py::TestEdgeCases::test_whitespace_sql PASSED [ 79%]
tests/unit/test_sql_sanitizer.py::TestEdgeCases::test_case_insensitive_keywords PASSED [ 80%]
tests/unit/test_sql_sanitizer.py::TestEdgeCases::test_subquery PASSED    [ 80%]
tests/unit/test_template_sql.py::test_template_sql_city_order_count PASSED [ 80%]
tests/unit/test_template_sql.py::test_template_sql_top5_sales_last_month PASSED [ 81%]
tests/unit/test_type_analyzer.py::TestColumnType::test_column_types_exist PASSED [ 81%]
tests/unit/test_type_analyzer.py::TestNumericColumn::test_integer_column PASSED [ 82%]
tests/unit/test_type_analyzer.py::TestNumericColumn::test_float_column PASSED [ 82%]
tests/unit/test_type_analyzer.py::TestNumericColumn::test_numeric_with_nulls PASSED [ 82%]
tests/unit/test_type_analyzer.py::TestNumericColumn::test_numeric_as_id PASSED [ 83%]
tests/unit/test_type_analyzer.py::TestNumericColumn::test_numeric_high_cardinality PASSED [ 83%]
tests/unit/test_type_analyzer.py::TestCategoricalColumn::test_low_cardinality_string PASSED [ 84%]
tests/unit/test_type_analyzer.py::TestCategoricalColumn::test_medium_cardinality PASSED [ 84%]
tests/unit/test_type_analyzer.py::TestCategoricalColumn::test_top_categories PASSED [ 85%]
tests/unit/test_type_analyzer.py::TestDatetimeColumn::test_datetime_type PASSED [ 85%]
tests/unit/test_type_analyzer.py::TestDatetimeColumn::test_string_datetime PASSED [ 85%]
tests/unit/test_type_analyzer.py::TestDatetimeColumn::test_mixed_string_datetime_without_warning PASSED [ 86%]
tests/unit/test_type_analyzer.py::TestDatetimeColumn::test_time_range PASSED [ 86%]
tests/unit/test_type_analyzer.py::TestBooleanColumn::test_bool_type PASSED [ 87%]
tests/unit/test_type_analyzer.py::TestBooleanColumn::test_numeric_boolean PASSED [ 87%]
tests/unit/test_type_analyzer.py::TestTextColumn::test_high_cardinality_string PASSED [ 87%]
tests/unit/test_type_analyzer.py::TestIDColumn::test_id_type PASSED      [ 88%]
tests/unit/test_type_analyzer.py::TestDataFrameAnalysis::test_basic_analysis PASSED [ 88%]
tests/unit/test_type_analyzer.py::TestDataFrameAnalysis::test_time_series_detection PASSED [ 89%]
tests/unit/test_type_analyzer.py::TestDataFrameAnalysis::test_chart_recommendation PASSED [ 89%]
tests/unit/test_type_analyzer.py::TestVisualizationSuitability::test_numeric_suitable_for_y PASSED [ 89%]
tests/unit/test_type_analyzer.py::TestVisualizationSuitability::test_datetime_suitable_for_x PASSED [ 90%]
tests/unit/test_type_analyzer.py::TestVisualizationSuitability::test_categorical_suitable_for_color PASSED [ 90%]
tests/unit/test_type_analyzer.py::TestConvenienceFunctions::test_analyze_column_function PASSED [ 91%]
tests/unit/test_type_analyzer.py::TestConvenienceFunctions::test_analyze_dataframe_function PASSED [ 91%]
tests/unit/test_type_analyzer.py::TestConvenienceFunctions::test_get_chart_recommendation_function PASSED [ 91%]
tests/unit/test_type_analyzer.py::TestEdgeCases::test_empty_series PASSED [ 92%]
tests/unit/test_type_analyzer.py::TestEdgeCases::test_all_null_series PASSED [ 92%]
tests/unit/test_type_analyzer.py::TestEdgeCases::test_single_value_series PASSED [ 93%]
tests/unit/test_validators.py::TestAskRequest::test_valid_question PASSED [ 93%]
tests/unit/test_validators.py::TestAskRequest::test_question_strip PASSED [ 93%]
tests/unit/test_validators.py::TestAskRequest::test_empty_question PASSED [ 94%]
tests/unit/test_validators.py::TestAskRequest::test_question_with_sql_comment PASSED [ 94%]
tests/unit/test_validators.py::TestAskRequest::test_question_too_long PASSED [ 95%]
tests/unit/test_validators.py::TestAskRequest::test_db_name_valid PASSED [ 95%]
tests/unit/test_validators.py::TestAskRequest::test_db_name_invalid_characters PASSED [ 95%]
tests/unit/test_validators.py::TestSchemaRequest::test_schema_request PASSED [ 96%]
tests/unit/test_validators.py::TestExecuteSQLRequest::test_valid_select PASSED [ 96%]
tests/unit/test_validators.py::TestExecuteSQLRequest::test_non_select_rejected PASSED [ 97%]
tests/unit/test_validators.py::TestExecuteSQLRequest::test_dangerous_keyword_rejected PASSED [ 97%]
tests/unit/test_validators.py::TestFileUpload::test_valid_filename PASSED [ 97%]
tests/unit/test_validators.py::TestFileUpload::test_invalid_extension PASSED [ 98%]
tests/unit/test_validators.py::TestValidateQuestion::test_validate_question_function PASSED [ 98%]
tests/unit/test_validators.py::TestValidateSQLSafety::test_safe_sql PASSED [ 99%]
tests/unit/test_validators.py::TestValidateSQLSafety::test_unsafe_sql_drop PASSED [ 99%]
tests/unit/test_validators.py::TestValidateSQLSafety::test_unsafe_sql_insert PASSED [100%]

================================== FAILURES ===================================
________________________ test_execute_with_validation _________________________
tests\unit\test_executor.py:30: in test_execute_with_validation
    df = executor.execute("SELECT 1")
app\core\sql\executor.py:84: in execute
    if not result.success:
C:\Users\z\AppData\Local\Packages\PythonSoftwareFoundation.Python.3.10_qbz5n2kfra8p0\LocalCache\local-packages\Python310\site-packages\pandas\core\generic.py:6321: in __getattr__
    return object.__getattribute__(self, name)
E   AttributeError: 'DataFrame' object has no attribute 'success'
------------------------------ Captured log call ------------------------------
ERROR    app.core.sql.executor:executor.py:90 Query execution failed: 'DataFrame' object has no attribute 'success'
_______________________ test_execute_without_validation _______________________
tests\unit\test_executor.py:36: in test_execute_without_validation
    df = executor.execute("SELECT 1", validate=False)
app\core\sql\executor.py:84: in execute
    if not result.success:
C:\Users\z\AppData\Local\Packages\PythonSoftwareFoundation.Python.3.10_qbz5n2kfra8p0\LocalCache\local-packages\Python310\site-packages\pandas\core\generic.py:6321: in __getattr__
    return object.__getattribute__(self, name)
E   AttributeError: 'DataFrame' object has no attribute 'success'
------------------------------ Captured log call ------------------------------
ERROR    app.core.sql.executor:executor.py:90 Query execution failed: 'DataFrame' object has no attribute 'success'
____________________ test_test_connection_and_schema_info _____________________
tests\unit\test_executor.py:49: in test_test_connection_and_schema_info
    assert executor.test_connection() == (True, "ok")
app\core\sql\executor.py:96: in test_connection
    return status.is_healthy, status.message
E   AttributeError: 'tuple' object has no attribute 'is_healthy'
_________________ test_export_pdf_returns_bytes_with_context __________________
tests\unit\test_exporter.py:30: in test_export_pdf_returns_bytes_with_context
    data = manager.export_pdf(df, sql="SELECT * FROM orders", question="订单列表")
app\ui\exporter.py:83: in export_pdf
    pdf.add_font('DejaVu', '', '/usr/share/fonts/truetype/dejavu/DejaVuSans.ttf', uni=True)
C:\Users\z\AppData\Local\Packages\PythonSoftwareFoundation.Python.3.10_qbz5n2kfra8p0\LocalCache\local-packages\Python310\site-packages\fpdf\fpdf.py:469: in add_font
    raise RuntimeError("TTF Font file not found: %s" % fname)
E   RuntimeError: TTF Font file not found: /usr/share/fonts/truetype/dejavu/DejaVuSans.ttf
__________________ test_export_pdf_truncates_large_dataframe __________________
tests\unit\test_exporter.py:37: in test_export_pdf_truncates_large_dataframe
    data = export_to_pdf(df)
app\ui\exporter.py:160: in export_to_pdf
    return manager.export_pdf(df, sql, question)
app\ui\exporter.py:83: in export_pdf
    pdf.add_font('DejaVu', '', '/usr/share/fonts/truetype/dejavu/DejaVuSans.ttf', uni=True)
C:\Users\z\AppData\Local\Packages\PythonSoftwareFoundation.Python.3.10_qbz5n2kfra8p0\LocalCache\local-packages\Python310\site-packages\fpdf\fpdf.py:469: in add_font
    raise RuntimeError("TTF Font file not found: %s" % fname)
E   RuntimeError: TTF Font file not found: /usr/share/fonts/truetype/dejavu/DejaVuSans.ttf
______________ test_retrieve_schema_context_prefers_query_result ______________
tests\unit\test_schema_loader.py:66: in test_retrieve_schema_context_prefers_query_result
    assert "orders" in result and "products" in result
E   AssertionError: assert ('orders' in '')
__________ test_retrieve_schema_context_falls_back_to_keyword_tables __________
tests\unit\test_schema_loader.py:81: in test_retrieve_schema_context_falls_back_to_keyword_tables
    assert "orders(" in result
E   AssertionError: assert 'orders(' in ''
_______________ test_retrieve_schema_context_falls_back_to_ddl ________________
tests\unit\test_schema_loader.py:98: in test_retrieve_schema_context_falls_back_to_ddl
    assert result == "X" * 1200
E   AssertionError: assert '' == 'XXXXXXXXXXXX...XXXXXXXXXXXXX'
E     
E     - XXXXXXXXXXXXXXXXXXXXXXXXXXXXXXXXXXXXXXXXXXXXXXXXXXXXXXXXXXXXXXXXXXXXXXXXXXXXXXXXXXXXXXXXXXXXXXXXXXXXXXXXXXXXXXXXXXXXXXXXXXXXXXXXXXXXXXXXXXXXXXXXXXXXXXXXXXXXXXXXXXXXXXXXXXXXXXXXXXXXXXXXXXXXXXXXXXXXXXXXXXXXXXXXXXXXXXXXXXXXXXXXXXXXXXXXXXXXXXXXXXXXXXXXXXXXXXXXXXXXXXXXXXXXXXXXXXXXXXXXXXXXXXXXXXXXXXXXXXXXXXXXXXXXXXXXXXXXXXXXXXXXXXXXXXXXXXXXXXXXXXXXXXXXXXXXXXXXXXXXXXXXXXXXXXXXXXXXXXXXXXXXXXXXXXXXXXXXXXXXXXXXXXXXXXXXXXXXXXXXXXXXXXXXXXXXXXXXXXXXXXXXXXXXXXXXXXXXXXXXXXXXXXXXXXXXXXXXXXXXXXXXXXXXXXXXXXXXXXXXXXXXXXXXXXXXXXXXXXXXXXXXXXXXXXXXXXXXXXXXXXXXXXXXXXXXXXXXXXXXXXXXXXXXXXXXXXXXXXXXXXXXXXXXXXXXXXXXXXXXXX...
E     
E     ...Full output truncated (1 line hidden), use '-vv' to show
============================== warnings summary ===============================
app\api\main.py:58
  D:\AI\codeSpace\text2sql-0412\app\api\main.py:58: DeprecationWarning: 
          on_event is deprecated, use lifespan event handlers instead.
  
          Read more about it in the
          [FastAPI docs for Lifespan Events](https://fastapi.tiangolo.com/advanced/events/).
          
    @app.on_event("startup")

C:\Users\z\AppData\Local\Packages\PythonSoftwareFoundation.Python.3.10_qbz5n2kfra8p0\LocalCache\local-packages\Python310\site-packages\fastapi\applications.py:4598
  C:\Users\z\AppData\Local\Packages\PythonSoftwareFoundation.Python.3.10_qbz5n2kfra8p0\LocalCache\local-packages\Python310\site-packages\fastapi\applications.py:4598: DeprecationWarning: 
          on_event is deprecated, use lifespan event handlers instead.
  
          Read more about it in the
          [FastAPI docs for Lifespan Events](https://fastapi.tiangolo.com/advanced/events/).
          
    return self.router.on_event(event_type)  # ty: ignore[deprecated]

-- Docs: https://docs.pytest.org/en/stable/how-to/capture-warnings.html
=========================== short test summary info ===========================
FAILED tests/unit/test_executor.py::test_execute_with_validation - AttributeE...
FAILED tests/unit/test_executor.py::test_execute_without_validation - Attribu...
FAILED tests/unit/test_executor.py::test_test_connection_and_schema_info - At...
FAILED tests/unit/test_exporter.py::test_export_pdf_returns_bytes_with_context
FAILED tests/unit/test_exporter.py::test_export_pdf_truncates_large_dataframe
FAILED tests/unit/test_schema_loader.py::test_retrieve_schema_context_prefers_query_result
FAILED tests/unit/test_schema_loader.py::test_retrieve_schema_context_falls_back_to_keyword_tables
FAILED tests/unit/test_schema_loader.py::test_retrieve_schema_context_falls_back_to_ddl
======= 8 failed, 237 passed, 2 skipped, 2 warnings in 88.70s (0:01:28) =======
